============================= test session starts =============================
platform win32 -- Python 3.13.5, pytest-9.0.2, pluggy-1.6.0
rootdir: D:\Scripts\perplexity_scraper
plugins: anyio-4.13.0, asyncio-1.3.0
asyncio: mode=Mode.STRICT, debug=False, asyncio_default_fixture_loop_scope=None, asyncio_default_test_loop_scope=function
collected 9 items

tests\test_formatter.py ..                                               [ 22%]
tests\test_logic.py .....F                                               [ 88%]
tests\test_time_logic.py F                                               [100%]

================================== FAILURES ===================================
_______________________ test_premium_newsletter_output ________________________

    def test_premium_newsletter_output():
        from utils.formatter import format_to_markdown
        category = 'Tech'
        title = 'Test Story'
        date = 'Recent'
        url = 'https://test.com'
        content = 'Main text.'
        external_sources = [{'title': 'Ref', 'url': 'https://ref.com', 'content': 'Context.'}]
        related_news = []
    
        result = format_to_markdown(category, title, date, url, content, external_sources, related_news)
    
        assert "## \U0001f4f0 Test Story" in result
>       assert "> \u26a0\ufe0f **AVISO DE CONTEXTO:**" in result
E       AssertionError: assert '> \u26a0\ufe0f **AVISO DE CONTEXTO:**' in '# \U0001f4c2 CATEGOR\xcdA: TECH\\n========================================\\n\\n## \U0001f4f0 Test Story\\n> \U0001f4c5 **Fecha de publicaci\xf3n:** Recen...CONTEXTO\\n\\n- **Ref**: https://ref.com\\n\\n\\n======================================================================\\n\\n'

tests\test_logic.py:109: AssertionError
______________________ test_parse_spanish_absolute_dates ______________________

    def test_parse_spanish_absolute_dates():
        now = datetime.now(timezone.utc)
    
        # Test '6 abr 2026'
        d = parse_any_date("6 abr 2026")
        assert d.year == 2026
        assert d.month == 4
>       assert d.day == 6
E       assert 20 == 6
E        +  where 20 = datetime.datetime(2026, 4, 20, 0, 0, tzinfo=datetime.timezone.utc).day

tests\test_time_logic.py:12: AssertionError
=========================== short test summary info ===========================
FAILED tests/test_logic.py::test_premium_newsletter_output - AssertionError: ...
FAILED tests/test_time_logic.py::test_parse_spanish_absolute_dates - assert 2...
========================= 2 failed, 7 passed in 0.11s =========================
